// Jest Snapshot v1, https://goo.gl/fbAQLP

exports[`Radio Group passes prefixCls down to radio 1`] = `
<div
  class="my-radio-group my-radio-group-inverse"
>
  <label
    class="my-radio-wrapper"
  >
    <span
      class="my-radio-mark"
    >
      <input
        class="my-radio-mark-input"
        type="radio"
        value="Apple"
      />
      <span
        class="my-radio-mark-inner"
      />
    </span>
    <span>
      Apple
    </span>
  </label>
  <label
    class="my-radio-wrapper"
    style="font-size:12px"
  >
    <span
      class="my-radio-mark"
    >
      <input
        class="my-radio-mark-input"
        type="radio"
        value="Orange"
      />
      <span
        class="my-radio-mark-inner"
      />
    </span>
    <span>
      Orange
    </span>
  </label>
</div>
`;
